[Media] 2012
[Media] 2011
[Media] 2013
[Media] 2015
[Media] 2011
(R) Maggie Simpson in The Longest Daycare
[Media] 2009
(R) Disney Den Brother
[Media] 2011
(R) Coop & Cami Ask The World
[Media] 2011
(R) Surviving the Mount St. Helens Disaster
[Media] 2002
(R) Adventures in Wonderland
[Media] 2005
(R) Monsters, Inc.
[Media] 2003
(R) Maggie Simpson in Playdate with Destiny
[Media] 2002
(R) Z-O-M-B-I-E-S
[Media] 2002
(R) The Muppet Show
[Media] 2011
(R) Skyrunners
[Media] 2001
(R) Home Alone 2: Lost in New York
[Media] 1989
(R) Disney Lab Rats: Elite Force
[Media] 1990
(R) Into the Grand Canyon
[Media] 1990
(R) Marvel's Hero Project
[Media] 1990
(R) 101 Dalmatians
[Media] 1986
(R) Three Little Pigs
[Media] 2000
(R) Pixar In Real Life
[Media] 1997
(R) Life Below Zero: Next Generation
[Media] 1997
(R) The Flood
[Media] 1997
(R) The Olympic Champ
[Media] 2008
(R) Recess: School's Out
[Media] 2010
(R) The Chronicles of Narnia: The Lion, the Witch and the Wardrobe
[Media] 2001
(R) Stargirl
[Media] 1998
(R) Paris To Pittsburgh
[Media] 1997
(R) Rodgers & Hammerstein's Cinderella
[Media] 2001
(R) Cars Toon: Tokyo Mater
[Media] 1998
(R) Jungle Cat
[Media] 2005
(R) Lilo & Stitch 2: Stitch Has a Glitch
[Media] 2009
(R) Planes
[Media] 2004
(R) Love & Vets
[Media] 1988
(R) Beauty and the Beast: The Enchanted Christmas
[Media] 1993
(R) A Goofy Movie
[Media] 1984
(R) Disney Princess Remixed - An Ultimate Princess Celebration
[Media] 1979
(R) Darkwing Duck
[Media] 1983
(R) Boat Builders
[Media] 1997
(R) The Little Prince(ss)
[Media] 1996
(R) Melody Time
[Media] 2009
(R) Ruby Bridges
[Media] 2011
(R) Teen Spirit
[Media] 2012
(R) Bambi II
[Media] 2014
(R) Star Wars: Galaxy's Edge-Adventure Awaits
[Media] 2012
(R) X-Men Origins: Wolverine
[Media] 2010
(R) Marvel Studios' The Avengers
[Media] 2010
(R) Disney Descendants
[Media] 2008
(R) Disney Vampirina
[Media] 2008
(R) Bolt
[Media] 2010
(R) Ever After: A Cinderella Story
[Media] 2001
(R) When Sharks Attack
[Media] 2002
(R) The Even Stevens Movie
(R) Rogue One: A Star Wars Story
(R) Forky Asks a Question: What is a Leader?
(R) Don's Fountain of Youth
(R) Expedition Everest
[Media] 2021
[Media] 2019
[Media] 2017
[Media] 2014
[Media] 2013
(R) Shark Attack Files
[Media] 2009
(R) Jane
(R) The Book of Life
(R) Sacred Planet
[Media] 2009
[Media] 2010
[Media] 2009
(R) Camp Rock
(R) Mom's Got a Date With a Vampire
(R) Jungle Animal Rescue
(R) Dog With a Blog
[0] => s34 ## Underdog ## Movie ## Frederik Du Chau ## [Alex Neuberger, Amy Adams, Jason Lee, Jim Belushi, Patrick Warburton, Peter Dinklage] ## United States ## August 27, 2021 ## 2007 ## PG ## 85 min ## [Action-Adventure, Family, Parody] ##
