(R) Maggie Simpson in The Longest Daycare
(R) Disney Den Brother
(R) Coop & Cami Ask The World
(R) Surviving the Mount St. Helens Disaster
(R) Adventures in Wonderland
(R) Monsters, Inc.
(R) Maggie Simpson in Playdate with Destiny
(R) Z-O-M-B-I-E-S
(R) The Muppet Show
(R) Skyrunners
(R) Home Alone 2: Lost in New York
(R) Disney Lab Rats: Elite Force
[0] => s891 ## Into the Grand Canyon ## Movie ## Pete McBride ## [NaN] ## United States ## November 12, 2019 ## 2019 ## TV-PG ## 82 min ## [Action-Adventure, Animals & Nature, Documentary] ##
[1] => s987 ## Marvel's Hero Project ## TV Show ## NaN ## [NaN] ## United States ## November 12, 2019 ## 2019 ## TV-PG ## 1 Season ## [Docuseries, Family] ##
[2] => s635 ## 101 Dalmatians ## Movie ## Wolfgang Reitherman, Hamilton Luske, Clyde Geronimi ## [Ben Wright, Betty Gerson, Cate Bauer, Fred Worlock, J. Pat O'Malley, Rod Taylor] ## United States ## November 12, 2019 ## 1961 ## G ## 81 min ## [Action-Adventure, Animation, Family] ##
[3] => s1289 ## Three Little Pigs ## Movie ## Burt Gillett ## [Billy Bletcher, Dorothy Compton, Mary Moder, Pinto Colvig] ## United States ## November 12, 2019 ## 1933 ## TV-Y7 ## 9 min ## [Animation, Family, Kids] ##
[4] => s1061 ## Pixar In Real Life ## TV Show ## NaN ## [NaN] ## United States ## November 12, 2019 ## 2019 ## TV-G ## 1 Season ## [Anthology, Comedy, Family] ##
[5] => s37 ## Life Below Zero: Next Generation ## TV Show ## NaN ## [Mocean Melvin] ## United States ## August 25, 2021 ## 2020 ## TV-14 ## 2 Seasons ## [Action-Adventure, Animals & Nature, Docuseries] ##
[6] => s1201 ## The Flood ## Movie ## Brad Bestelink ## [Angela Bassett] ## United States ## November 12, 2019 ## 2018 ## TV-PG ## 93 min ## [Animals & Nature, Documentary] ##
[7] => s1241 ## The Olympic Champ ## Movie ## Jack Kinney ## [NaN] ## United States ## November 12, 2019 ## 1942 ## TV-G ## 7 min ## [Animation, Comedy, Family] ##
[8] => s1083 ## Recess: School's Out ## Movie ## Chuck Sheetz ## [Andy Lawrence, Ashely Johnson, Courtland Mead, Jason Davis, Pam Segall, Rickey Collins] ## United States, Japan ## November 12, 2019 ## 2001 ## G ## 87 min ## [Animation, Comedy, Family] ##
[9] => s1195 ## The Chronicles of Narnia: The Lion, the Witch and the Wardrobe ## Movie ## Andrew Adamson ## [Anna Popplewell, Georgie Henley, James McAvoy, Skandar Keynes, Tilda Swinton, William Moseley] ## United Kingdom, United States ## November 12, 2019 ## 2005 ## PG ## 147 min ## [Action-Adventure, Family, Fantasy] ##
[10] => s532 ## Stargirl ## Movie ## Julia Hart ## [Darby Stanchfield, Giancarlo Esposito, Grace VanderWaal, Graham Verchere, Karan Brar, Maximiliano Hernandez] ## United States ## March 13, 2020 ## 2020 ## PG ## 107 min ## [Coming of Age, Drama, Musical] ##
[11] => s1043 ## Paris To Pittsburgh ## Movie ## Sidney Beaumont, Michael Bonfiglio ## [Rachel Brosnahan] ## United States ## November 12, 2019 ## 2018 ## TV-PG ## 77 min ## [Documentary] ##
[12] => s220 ## Rodgers & Hammerstein's Cinderella ## Movie ## Robert Iscove ## [Bernadette Peters, Brandy Norwood, Paolo Montalbán, Victor Garber, Whitney Houston, Whoopi Goldberg] ## NaN ## February 12, 2021 ## 1997 ## G ## 86 min ## [Comedy, Family, Fantasy] ##
[13] => s580 ## Cars Toon: Tokyo Mater ## Movie ## John Lasseter ## [Keith Ferguson, Larry the Cable Guy , Mach Kobayashi, Michael Wallis, Robert Ito] ## United States ## January 1, 2020 ## 2008 ## G ## 8 min ## [Animation, Comedy, Family] ##
[14] => s912 ## Jungle Cat ## Movie ## James Algar ## [Winston Hibler] ## United States ## November 12, 2019 ## 1960 ## TV-PG ## 70 min ## [Animals & Nature, Documentary, Family] ##
[15] => s948 ## Lilo & Stitch 2: Stitch Has a Glitch ## Movie ## Tony Leondis, Michael LaBash ## [Christopher Sanders, Dakota Fanning, David Stiers, Kevin McDonald, Kunewa Mook, Tia Carrere] ## United States ## November 12, 2019 ## 2005 ## PG ## 70 min ## [Animation, Comedy, Dance] ##
[16] => s279 ## Planes ## Movie ## Klay Hall ## [Brad Garrett, Dane Cook, Julia Louis-Dreyfus, Priyanka Chopra, Stacy Keach, Teri Hatcher] ## United States ## November 20, 2020 ## 2013 ## PG ## 94 min ## [Action-Adventure, Animation, Comedy] ##
[17] => s468 ## Love & Vets ## TV Show ## NaN ## [Mallory Kasdan] ## United States ## May 1, 2020 ## 2017 ## TV-PG ## 1 Season ## [Animals & Nature, Docuseries, Family] ##
[18] => s671 ## Beauty and the Beast: The Enchanted Christmas ## Movie ## Andy Knight ## [Bernadette Peters, David Stiers, Jerry Orbach, Paige O'Hara, Robby Benson, Tim Curry] ## Canada, United States ## November 12, 2019 ## 1997 ## G ## 73 min ## [Animation, Family, Fantasy] ##
[19] => s641 ## A Goofy Movie ## Movie ## Kevin Lima ## [Bill Farmer, Jason Marsden, Jim Cummings, Kellie Martin, Rob Paulsen, Wallace Shawn] ## United States, Australia, France, Canada ## November 12, 2019 ## 1995 ## G ## 81 min ## [Action-Adventure, Animation, Comedy] ##
[20] => s32 ## Disney Princess Remixed - An Ultimate Princess Celebration ## Movie ## Napoleon Dumo ## [Dara Reneé, Frankie Rodriguez, Julia Lester, Natalie Peyser, Ruth Righi, Txunamy Oriz] ## NaN ## August 27, 2021 ## 2021 ## TV-G ## 22 min ## [Family, Music, Variety] ##
[21] => s732 ## Darkwing Duck ## TV Show ## NaN ## [Christine Cavanaugh, Frank Welker, Jim Cummings, Terry McGovern] ## United States ## November 12, 2019 ## 1991 ## TV-Y7 ## 2 Seasons ## [Action-Adventure, Animation, Kids] ##
[22] => s681 ## Boat Builders ## Movie ## Ben Sharpsteen ## [NaN] ## United States ## November 12, 2019 ## 1938 ## TV-G ## 8 min ## [Animation, Comedy, Family] ##
[23] => s132 ## The Little Prince(ss) ## Movie ## Moxie Peng ## [Brian Yang, Ching Yin Ryan Hu, Danni Wang, Evan Lai, Kalo Moss, Lynn Chen] ## NaN ## May 28, 2021 ## 2021 ## PG ## 19 min ## [Drama] ##
[24] => s995 ## Melody Time ## Movie ## Clyde Geronimi, Jack Kinney, Hamilton Luske ## [Dennis Day, Fred Waring and His Pennsylvanians , Freddy Martin, Roy Rogers, The Andrews Sisters , Trigger ] ## United States ## November 12, 2019 ## 1948 ## TV-PG ## 76 min ## [Animation, Anthology, Family] ##
[25] => s1099 ## Ruby Bridges ## Movie ## Euzhan Palcy ## [Jean Kelly, Kevin Pollak, Michael Beach, Patrika Darbo, Penelope Miller, Peter James] ## United States ## November 12, 2019 ## 1998 ## TV-PG ## 90 min ## [Biographical, Drama, Historical] ##
[26] => s1163 ## Teen Spirit ## Movie ## Gil Junger ## [Carissa Capobianco, Cassie Scerbo, Chris Zylka, Gabriela Lopez, Lindsey Shaw, Tim Gunn] ## United States ## November 12, 2019 ## 2011 ## TV-14 ## 82 min ## [Buddy, Comedy, Coming of Age] ##
[27] => s666 ## Bambi II ## Movie ## Brian Pimental ## [Alexander Gould, Andrea Bowen, Brendon Baerg, Keith Ferguson, Nicky Jones, Patrick Stewart] ## United States ## November 12, 2019 ## 2006 ## G ## 75 min ## [Animation, Drama, Kids] ##
[28] => s366 ## Star Wars: Galaxy's Edge-Adventure Awaits ## Movie ## NaN ## [Jay Leno, Kaley Cuoco, Keegan-Michael Key, Neil Harris, Oscar Isaac, Sarah Hyland] ## United States ## August 7, 2020 ## 2019 ## TV-PG ## 81 min ## [Documentary, Family] ##
[29] => s123 ## X-Men Origins: Wolverine ## Movie ## Gavin Hood ## [Danny Huston, Hugh Jackman, Kevin Durand, Liev Schreiber, Lynn Collins, will.i.am ] ## United States, United Kingdom ## June 4, 2021 ## 2009 ## PG-13 ## 108 min ## [Action-Adventure, Family, Science Fiction] ##
[30] => s977 ## Marvel Studios' The Avengers ## Movie ## Joss Whedon ## [Chris Evans, Chris Hemsworth, Jeremy Renner, Mark Ruffalo, Robert Downey Jr., Scarlett Johansson] ## United States ## November 12, 2019 ## 2012 ## PG-13 ## 145 min ## [Action-Adventure, Fantasy, Science Fiction] ##
[31] => s746 ## Disney Descendants ## Movie ## Kenny Ortega ## [Booboo Stewart, Cameron Boyce, Dove Cameron, Melanie Paxson, Mitchell Hope, Sofia Carson] ## United States ## November 12, 2019 ## 2015 ## TV-G ## 114 min ## [Coming of Age, Fantasy, Musical] ##
[32] => s445 ## Disney Vampirina ## TV Show ## NaN ## [Isabella Crovetti, James Van Der Beek, Jordan Davis, Lauren Graham, Mitchell Whitfield, Wanda Sykes] ## Ireland, United States ## May 22, 2020 ## 2017 ## TV-Y7 ## 2 Seasons ## [Animation, Fantasy, Kids] ##
[33] => s682 ## Bolt ## Movie ## Chris Williams, Byron Howard ## [James Lipton, John Travolta, Malcolm McDowell, Mark Walton, Miley Cyrus, Susie Essman] ## United States ## November 12, 2019 ## 2008 ## PG ## 98 min ## [Action-Adventure, Animation, Comedy] ##
[34] => s332 ## Ever After: A Cinderella Story ## Movie ## Andy Tennant ## [Anjelica Huston, Dougray Scott, Drew Barrymore, Megan Dodds, Melanie Lynskey, Patrick Godfrey] ## United States ## September 18, 2020 ## 1998 ## PG-13 ## 122 min ## [Drama, Romance] ##
[35] => s92 ## When Sharks Attack ## TV Show ## NaN ## [Eric Meyers] ## United States ## July 9, 2021 ## 2013 ## TV-14 ## 7 Seasons ## [Reality] ##
[36] => s1200 ## The Even Stevens Movie ## Movie ## Sean McNamara ## [A.J. Trauth, Christy Romano, Nick Spano, Shia LaBeouf, Steven Lawrence, Tom Virtue] ## United States ## November 12, 2019 ## 2003 ## TV-G ## 94 min ## [Action-Adventure, Comedy] ##
[37] => s1097 ## Rogue One: A Star Wars Story ## Movie ## Gareth Edwards ## [Alan Tudyk, Ben Mendelsohn, Diego Luna, Donnie Yen, Felicity Jones, Mads Mikkelsen] ## United States ## November 12, 2019 ## 2016 ## PG-13 ## 134 min ## [Action-Adventure, Science Fiction] ##
[38] => s603 ## Forky Asks a Question: What is a Leader? ## Movie ## Bob Peterson ## [Bob Peterson, Bonnie Hunt, Tony Hale] ## United States ## December 20, 2019 ## 2019 ## TV-G ## 6 min ## [Animation, Comedy, Family] ##
[39] => s498 ## Don's Fountain of Youth ## Movie ## Jack Hannah ## [NaN] ## United States ## April 3, 2020 ## 1953 ## TV-G ## 6 min ## [Animation, Family] ##
[40] => s223 ## Expedition Everest ## Movie ## Katie Bauer Murdock ## [Tate Donovan] ## United States ## February 5, 2021 ## 2020 ## TV-PG ## 45 min ## [Animals & Nature, Documentary] ##
[41] => s78 ## Shark Attack Files ## TV Show ## NaN ## [NaN] ## NaN ## July 16, 2021 ## 2021 ## TV-14 ## 1 Season ## [Reality] ##
[42] => s901 ## Jane ## Movie ## Brett Morgen ## [Jane Goodall] ## United States ## November 12, 2019 ## 2017 ## PG ## 90 min ## [Animals & Nature, Biographical, Documentary] ##
[43] => s216 ## The Book of Life ## Movie ## Jorge R. Gutiérrez ## [Channing Tatum, Christina Applegate, Diego Luna, Ice Cube, Ron Perlman, Zoe Saldana] ## NaN ## February 19, 2021 ## 2014 ## PG ## 101 min ## [Action-Adventure, Animation, Comedy] ##
[44] => s1100 ## Sacred Planet ## Movie ## Jon Long ## [Arapata McKay, Cy Peck Jr., Mae Tui, Mutang Urud, Robert Redford, Tsaan Ciqae] ## Canada, Malaysia, United States ## November 12, 2019 ## 2004 ## G ## 47 min ## [Animals & Nature, Documentary, Family] ##
[45] => s698 ## Camp Rock ## Movie ## Matthew Diamond ## [Alyson Stoner, Demi Lovato, Joe Jonas, Julie Brown, Maria Canals-Barrera, Meaghan Martin] ## United States ## November 12, 2019 ## 2008 ## TV-G ## 96 min ## [Coming of Age, Music, Musical] ##
[46] => s1016 ## Mom's Got a Date With a Vampire ## Movie ## Stephen Boyum ## [Caroline Rhea, Charles Shaughnessy, Laura Vandervoort, Matthew O'Leary, Myles Jeffrey, Robert Carradine] ## Canada, United States ## November 12, 2019 ## 2000 ## TV-PG ## 83 min ## [Comedy, Fantasy] ##
[47] => s354 ## Jungle Animal Rescue ## TV Show ## NaN ## [Dan Nachtrab] ## United States ## August 14, 2020 ## 2019 ## TV-PG ## 1 Season ## [Animals & Nature, Docuseries, Family] ##
[48] => s206 ## Dog With a Blog ## TV Show ## NaN ## [Beth Littleford, Blake Michael, Francesca Capaldi, G Hannelius, Regan Burns, Stephen Full] ## United States ## February 26, 2021 ## 2012 ## TV-G ## 3 Seasons ## [Comedy, Fantasy] ##
[49] => s34 ## Underdog ## Movie ## Frederik Du Chau ## [Alex Neuberger, Amy Adams, Jason Lee, Jim Belushi, Patrick Warburton, Peter Dinklage] ## United States ## August 27, 2021 ## 2007 ## PG ## 85 min ## [Action-Adventure, Family, Parody] ##
